<div id='foo'>
    <div></div>
    <div></div>
</div>
