<svg id='hamburger' height='1.2rem' version='1.1' viewbox='0 0 1.5rem 1.2rem' width='1.5rem' xmlns='http://www.w3.org/2000/svg'>
    <rect height='.2rem' width='1.5rem'></rect>
    <rect height='.2rem' width='1.5rem' y='.5rem'></rect>
    <rect height='.2rem' width='1.5rem' y='1rem'></rect>
</svg>
