<div bla='asdf, asdf&#39;, asdf' foo='bar, baz" = qux[]'></div>
