<div>
    <div>text1</div>
    <p>text2</p>
</div>