<div>
    <div>
        <div>
            <div>foobar</div>
        </div>
    </div>
</div>
