<div class="bar class1 class2 foo">
    <div class="inner">foobarbaz</div>
</div>
