<div baz='qux' foo='bar' quux='quuz'>
    <a id='1' foo='bar'>Baz</a>
    <a id='baz' foo='bar'>Baz</a>
    <a id='baz' foo='bar'>Baz</a>
    <a id='baz' foo='bar'>Baz</a>
    <a id='baz' foo='bar'>Baz</a>
</div>
