<div id="foo">
    <div id="bar">asfasdfadfadsf</div>
    <div class="foo" id="baz">asfasdfadfadsf</div>
    <div class="foo" id="qux">asfasdfadfadsf</div>
</div>
