<div style='display: flex; flex-direction: row'>
    <div style='display: flex; flex-direction: row'>test</div>
</div>
