<div>
    <a href='/foo/bar/baz'>/foo/bar/baz</a>
    <a id='baz' href='/foo/bar/'>/foo/bar/</a>
    <a href='/foo/bar'>baz</a>
</div>
