<div>
    <div class='selected test'></div>
    <div>
        <div class='selected test' id='foobar'></div>
    </div>
</div>
