<div id='children'>
    <div>a</div>
    <div>b</div>
    <div>c</div>
    <div>f</div>
</div>
