<style>
    .flex {
        display: flex;
        flex-direction: row;
    }
</style>
<div class='flex'>
    <div class='flex'>test</div>
</div>
