<div>
    <div></div>
</div>
<div class='class' id='id' foo='bar'></div>
<div></div>
<div></div>
<div></div>
